{
  "id": 1,
  "name": "John Doe",
  "email": "jhon.doe@domain.com",
  "password": "123456",
  "avatar": "https://i.pravatar.cc/600?img=17"
}