[
  {
    "movieId": "11",
    "years": 19
  },
  {
    "movieId": "12",
    "years": 5
  },
  {
    "movieId": "13",
    "years": 0
  },
  {
    "movieId": "14",
    "years": 9
  },
  {
    "movieId": "21",
    "years": 35
  },
  {
    "movieId": "22",
    "years": 5
  },
  {
    "movieId": "23",
    "years": 0
  },
  {
    "movieId": "24",
    "years": 0
  },
  {
    "movieId": "31",
    "years": 22
  },
  {
    "movieId": "32",
    "years": 5
  },
  {
    "movieId": "33",
    "years": 0
  },
  {
    "movieId": "34",
    "years": 3
  }
]