{
  "genre": 6,
  "id": "11",
  "img": "https://www.dimanoinmano.it/img/638590/full/libri-per-ragazzi/infanzia/nightmare-before-christmas.jpg",
  "name": "Nightmare before christmas",
  "price": 600,
  "studioId": "1"
}