[
  {
    "genre": 9,
    "id": "14",
    "img": "https://upload.wikimedia.org/wikipedia/en/thumb/a/aa/John_carter_poster.jpg/220px-John_carter_poster.jpg",
    "name": "John Carter",
    "price": 400,
    "studioId": "1"
  },
  {
    "genre": 6,
    "id": "21",
    "img": "https://m.media-amazon.com/images/M/MV5BMTM3NjA1NDMyMV5BMl5BanBnXkFtZTcwMDQzNDMzOQ@@._V1_.jpg",
    "name": "The conjuring",
    "price": 100,
    "studioId": "2"
  },
  {
    "genre": 4,
    "id": "22",
    "img": "https://resizing.flixster.com/OLsekYZGM0iuIeN_2TEKljcNR6A=/206x305/v2/https://resizing.flixster.com/-XZAfHZM39UwaGJIFWKAE8fS0ak=/v3/t/assets/p18721_p_v10_ab.jpg",
    "name": "Space Jam",
    "price": 500,
    "studioId": "2"
  },
  {
    "genre": 1,
    "id": "23",
    "img": "https://pics.filmaffinity.com/The_Dark_Knight_Rises-149544881-large.jpg",
    "name": "The dark knight rises",
    "price": 400,
    "studioId": "2"
  },
  {
    "genre": 9,
    "id": "24",
    "img": "https://i.pinimg.com/originals/11/95/b8/1195b802fe9108f0458830054ba1fd57.jpg",
    "name": "Fantastic beasts and where to find them",
    "price": 500,
    "studioId": "2"
  },
  {
    "genre": 1,
    "id": "13",
    "img": "https://resizing.flixster.com/6WHSHxkCrLKGv6bAXMn1A26ehVM=/206x305/v2/https://resizing.flixster.com/-XZAfHZM39UwaGJIFWKAE8fS0ak=/v3/t/assets/p8815512_p_v8_ax.jpg",
    "name": "The avengers",
    "price": 300,
    "studioId": "2"
  },
  {
    "genre": 6,
    "id": "11",
    "img": "https://www.dimanoinmano.it/img/638590/full/libri-per-ragazzi/infanzia/nightmare-before-christmas.jpg",
    "name": "Nightmare before christmas",
    "price": 600,
    "studioId": "2"
  },
  {
    "genre": 4,
    "id": "12",
    "img": "https://www.lainformacion.com/files/article_default_content/uploads/2018/11/23/5bf84292d23b5.jpeg",
    "name": "Aladdin",
    "price": 100,
    "studioId": "2"
  },
  {
    "genre": 6,
    "id": "31",
    "img": "https://m.media-amazon.com/images/M/MV5BMzVmMGMzODEtZmQ3Yy00NTU0LTgzNWMtYTkyYWQwY2Q3Y2U0XkEyXkFqcGc@._V1_QL75_UX380_CR0,0,380,562_.jpg",
    "name": "Slender man",
    "price": 700,
    "studioId": "2"
  },
  {
    "genre": 4,
    "id": "32",
    "img": "https://m.media-amazon.com/images/M/MV5BMjMwNDkxMTgzOF5BMl5BanBnXkFtZTgwNTkwNTQ3NjM@._V1_QL75_UX380_CR0,1,380,562_.jpg",
    "name": "Spider-man into the spider-verse",
    "price": 450,
    "studioId": "2"
  },
  {
    "genre": 1,
    "id": "33",
    "img": "https://m.media-amazon.com/images/M/MV5BZWM0OWVmNTEtNWVkOS00MzgyLTkyMzgtMmE2ZTZiNjY4MmFiXkEyXkFqcGc@._V1_QL75_UY562_CR0,0,380,562_.jpg",
    "name": "Spider-man",
    "price": 500,
    "studioId": "3"
  },
  {
    "genre": 9,
    "id": "34",
    "img": "https://m.media-amazon.com/images/M/MV5BZDEwY2FkNDYtNTVjYi00YWFkLWJmOWMtYjk5NTMyNzZlYWEwXkEyXkFqcGc@._V1_QL75_UY562_CR19,0,380,562_.jpg",
    "name": "Last action hero",
    "price": 100,
    "studioId": "3"
  }
]