{
  "1": {
    "id": "1",
    "name": "Disney studios",
    "shortName": "Disney",
    "logo": "https://cdn.mos.cms.futurecdn.net/qfFFFhnM8LwZnjpTECN3oB.jpg",
    "money": 1000,
    "movies": []
  },
  "2": {
    "id": "2",
    "name": "Warner Bros.",
    "shortName": "Warner",
    "logo": "https://images-wixmp-ed30a86b8c4ca887773594c2.wixmp.com/f/12c6f684-d447-4457-84fa-12033cfd581e/d9z4nxu-626ae303-e830-4b4f-ab8b-4aff7f1bef0f.jpg?token=eyJ0eXAiOiJKV1QiLCJhbGciOiJIUzI1NiJ9.eyJzdWIiOiJ1cm46YXBwOjdlMGQxODg5ODIyNjQzNzNhNWYwZDQxNWVhMGQyNmUwIiwiaXNzIjoidXJuOmFwcDo3ZTBkMTg4OTgyMjY0MzczYTVmMGQ0MTVlYTBkMjZlMCIsIm9iaiI6W1t7InBhdGgiOiJcL2ZcLzEyYzZmNjg0LWQ0NDctNDQ1Ny04NGZhLTEyMDMzY2ZkNTgxZVwvZDl6NG54dS02MjZhZTMwMy1lODMwLTRiNGYtYWI4Yi00YWZmN2YxYmVmMGYuanBnIn1dXSwiYXVkIjpbInVybjpzZXJ2aWNlOmZpbGUuZG93bmxvYWQiXX0.gtKaGVrDg8gzU7QFThusbHJw2d6bKgnDauezUcZo-1A",
    "money": 900,
    "movies": [
      {
        "genre": 6,
        "id": "21",
        "name": "The conjuring",
        "price": 100,
        "url": "https://m.media-amazon.com/images/M/MV5BMTM3NjA1NDMyMV5BMl5BanBnXkFtZTcwMDQzNDMzOQ@@._V1_.jpg"
      },
      {
        "genre": 4,
        "id": "22",
        "name": "Space Jam",
        "price": 500,
        "url": "https://resizing.flixster.com/OLsekYZGM0iuIeN_2TEKljcNR6A=/206x305/v2/https://resizing.flixster.com/-XZAfHZM39UwaGJIFWKAE8fS0ak=/v3/t/assets/p18721_p_v10_ab.jpg"
      },
      {
        "genre": 1,
        "id": "23",
        "name": "The dark knight rises",
        "price": 400,
        "url": "https://pics.filmaffinity.com/The_Dark_Knight_Rises-149544881-large.jpg"
      },
      {
        "genre": 9,
        "id": "24",
        "name": "Fantastic beasts and where to find them",
        "price": 500,
        "url": "https://i.pinimg.com/originals/11/95/b8/1195b802fe9108f0458830054ba1fd57.jpg"
      },
      {
        "genre": 1,
        "id": "13",
        "name": "The avengers",
        "price": 300,
        "url": "https://resizing.flixster.com/6WHSHxkCrLKGv6bAXMn1A26ehVM=/206x305/v2/https://resizing.flixster.com/-XZAfHZM39UwaGJIFWKAE8fS0ak=/v3/t/assets/p8815512_p_v8_ax.jpg"
      },
      {
        "genre": 6,
        "id": "11",
        "name": "Nightmare before christmas",
        "price": 600,
        "url": "https://www.dimanoinmano.it/img/638590/full/libri-per-ragazzi/infanzia/nightmare-before-christmas.jpg"
      },
      {
        "genre": 4,
        "id": "12",
        "name": "Aladdin",
        "price": 100,
        "url": "https://www.lainformacion.com/files/article_default_content/uploads/2018/11/23/5bf84292d23b5.jpeg"
      },
      {
        "genre": 6,
        "id": "31",
        "url": "https://m.media-amazon.com/images/M/MV5BMzVmMGMzODEtZmQ3Yy00NTU0LTgzNWMtYTkyYWQwY2Q3Y2U0XkEyXkFqcGc@._V1_QL75_UX380_CR0,0,380,562_.jpg",
        "name": "Slender man",
        "price": 700
      },
      {
        "genre": 4,
        "id": "32",
        "url": "https://m.media-amazon.com/images/M/MV5BMjMwNDkxMTgzOF5BMl5BanBnXkFtZTgwNTkwNTQ3NjM@._V1_QL75_UX380_CR0,1,380,562_.jpg",
        "name": "Spider-man into the spider-verse",
        "price": 450
      }
    ]
  },
  "3": {
    "id": "3",
    "name": "Sony Pictures",
    "shortName": "Sony",
    "logo": "https://logoeps.com/wp-content/uploads/2013/05/sony-pictures-entertainment-vector-logo.png",
    "money": 700,
    "movies": [
      {
        "genre": 1,
        "id": "33",
        "url": "https://m.media-amazon.com/images/M/MV5BZWM0OWVmNTEtNWVkOS00MzgyLTkyMzgtMmE2ZTZiNjY4MmFiXkEyXkFqcGc@._V1_QL75_UY562_CR0,0,380,562_.jpg",
        "name": "Spider-man",
        "price": 500
      },
      {
        "genre": 9,
        "id": "34",
        "url": "https://m.media-amazon.com/images/M/MV5BZDEwY2FkNDYtNTVjYi00YWFkLWJmOWMtYjk5NTMyNzZlYWEwXkEyXkFqcGc@._V1_QL75_UY562_CR19,0,380,562_.jpg",
        "name": "Last action hero",
        "price": 100
      },
      null
    ]
  }
}